// Jest Snapshot v1, https://goo.gl/fbAQLP

exports[`CardContainer should render CardContainer properly 1`] = `
<div>
  <div
    class="MuiGrid-root MuiGrid-item MuiGrid-grid-xs-12 MuiGrid-grid-lg-4"
  >
    <div
      class="MuiPaper-root makeStyles-patientCardContainer-1 makeStyles-patientCardContainer-4 MuiPaper-elevation0 MuiPaper-rounded"
      data-testid="cardContainer"
    >
      <h2
        class="MuiTypography-root makeStyles-cardHeader-3 makeStyles-cardHeader-5 MuiTypography-h5 MuiTypography-alignCenter"
      >
        PENDING
      </h2>
      <div
        class="MuiGrid-root MuiGrid-container MuiGrid-spacing-xs-3"
        data-testid="patientCard"
      >
        <div
          class="MuiGrid-root MuiGrid-item MuiGrid-grid-xs-12"
        >
          <div
            class="MuiPaper-root MuiCard-root makeStyles-patientCard-167 MuiPaper-elevation1 MuiPaper-rounded"
          >
            <div
              class="MuiCardHeader-root"
            >
              <div
                class="MuiCardHeader-avatar"
              >
                <div
                  class="MuiAvatar-root MuiAvatar-circle MuiAvatar-colorDefault"
                >
                  B
                </div>
              </div>
              <div
                class="MuiCardHeader-content"
              >
                <span
                  class="MuiTypography-root MuiCardHeader-title MuiTypography-body2 MuiTypography-displayBlock"
                >
                  Bob
                </span>
                <span
                  class="MuiTypography-root MuiCardHeader-subheader MuiTypography-body2 MuiTypography-colorTextSecondary MuiTypography-displayBlock"
                >
                  Patient ID : 0
                </span>
              </div>
              <div
                class="MuiCardHeader-action"
              >
                <div>
                  <button
                    class="MuiButtonBase-root MuiButton-root MuiButton-contained makeStyles-menuButton-186 MuiButton-containedSizeSmall MuiButton-sizeSmall"
                    tabindex="0"
                    type="button"
                  >
                    <span
                      class="MuiButton-label"
                    >
                      Move
                    </span>
                    <span
                      class="MuiTouchRipple-root"
                    />
                  </button>
                </div>
              </div>
            </div>
            <div
              class="MuiCardContent-root"
            >
              <div
                class="MuiGrid-root makeStyles-arrythmiasList-169 MuiGrid-item MuiGrid-grid-xs-12"
              >
                <div
                  class="MuiChip-root makeStyles-arrythmia-170 MuiChip-outlined MuiChip-sizeSmall"
                >
                  <span
                    class="MuiChip-label MuiChip-labelSmall"
                  >
                    AFib
                  </span>
                </div>
                <div
                  class="MuiChip-root makeStyles-arrythmia-170 MuiChip-outlined MuiChip-sizeSmall"
                >
                  <span
                    class="MuiChip-label MuiChip-labelSmall"
                  >
                    AV Block
                  </span>
                </div>
                <div
                  class="MuiChip-root makeStyles-arrythmia-170 MuiChip-outlined MuiChip-sizeSmall"
                >
                  <span
                    class="MuiChip-label MuiChip-labelSmall"
                  >
                    Pause
                  </span>
                </div>
                <div
                  class="MuiChip-root makeStyles-arrythmia-170 MuiChip-outlined MuiChip-sizeSmall"
                >
                  <span
                    class="MuiChip-label MuiChip-labelSmall"
                  >
                    PSVC
                  </span>
                </div>
                <div
                  class="MuiChip-root makeStyles-arrythmia-170 MuiChip-outlined MuiChip-sizeSmall"
                >
                  <span
                    class="MuiChip-label MuiChip-labelSmall"
                  >
                    PVC
                  </span>
                </div>
              </div>
            </div>
          </div>
        </div>
      </div>
      <div
        class="MuiGrid-root MuiGrid-container MuiGrid-spacing-xs-3"
        data-testid="patientCard"
      >
        <div
          class="MuiGrid-root MuiGrid-item MuiGrid-grid-xs-12"
        >
          <div
            class="MuiPaper-root MuiCard-root makeStyles-patientCard-254 MuiPaper-elevation1 MuiPaper-rounded"
          >
            <div
              class="MuiCardHeader-root"
            >
              <div
                class="MuiCardHeader-avatar"
              >
                <div
                  class="MuiAvatar-root MuiAvatar-circle MuiAvatar-colorDefault"
                >
                  B
                </div>
              </div>
              <div
                class="MuiCardHeader-content"
              >
                <span
                  class="MuiTypography-root MuiCardHeader-title MuiTypography-body2 MuiTypography-displayBlock"
                >
                  Bill
                </span>
                <span
                  class="MuiTypography-root MuiCardHeader-subheader MuiTypography-body2 MuiTypography-colorTextSecondary MuiTypography-displayBlock"
                >
                  Patient ID : 1
                </span>
              </div>
              <div
                class="MuiCardHeader-action"
              >
                <div>
                  <button
                    class="MuiButtonBase-root MuiButton-root MuiButton-contained makeStyles-menuButton-259 MuiButton-containedSizeSmall MuiButton-sizeSmall"
                    tabindex="0"
                    type="button"
                  >
                    <span
                      class="MuiButton-label"
                    >
                      Move
                    </span>
                    <span
                      class="MuiTouchRipple-root"
                    />
                  </button>
                </div>
              </div>
            </div>
            <div
              class="MuiCardContent-root"
            >
              <div
                class="MuiGrid-root makeStyles-arrythmiasList-256 MuiGrid-item MuiGrid-grid-xs-12"
              >
                <div
                  class="MuiChip-root makeStyles-arrythmia-257 MuiChip-outlined MuiChip-sizeSmall"
                >
                  <span
                    class="MuiChip-label MuiChip-labelSmall"
                  >
                    Pause
                  </span>
                </div>
              </div>
            </div>
          </div>
        </div>
      </div>
      <div
        class="MuiGrid-root MuiGrid-container MuiGrid-spacing-xs-3"
        data-testid="patientCard"
      >
        <div
          class="MuiGrid-root MuiGrid-item MuiGrid-grid-xs-12"
        >
          <div
            class="MuiPaper-root MuiCard-root makeStyles-patientCard-260 MuiPaper-elevation1 MuiPaper-rounded"
          >
            <div
              class="MuiCardHeader-root"
            >
              <div
                class="MuiCardHeader-avatar"
              >
                <div
                  class="MuiAvatar-root MuiAvatar-circle MuiAvatar-colorDefault"
                >
                  E
                </div>
              </div>
              <div
                class="MuiCardHeader-content"
              >
                <span
                  class="MuiTypography-root MuiCardHeader-title MuiTypography-body2 MuiTypography-displayBlock"
                >
                  Elsa
                </span>
                <span
                  class="MuiTypography-root MuiCardHeader-subheader MuiTypography-body2 MuiTypography-colorTextSecondary MuiTypography-displayBlock"
                >
                  Patient ID : 2
                </span>
              </div>
              <div
                class="MuiCardHeader-action"
              >
                <div>
                  <button
                    class="MuiButtonBase-root MuiButton-root MuiButton-contained makeStyles-menuButton-265 MuiButton-containedSizeSmall MuiButton-sizeSmall"
                    tabindex="0"
                    type="button"
                  >
                    <span
                      class="MuiButton-label"
                    >
                      Move
                    </span>
                    <span
                      class="MuiTouchRipple-root"
                    />
                  </button>
                </div>
              </div>
            </div>
            <div
              class="MuiCardContent-root"
            >
              <div
                class="MuiGrid-root makeStyles-arrythmiasList-262 MuiGrid-item MuiGrid-grid-xs-12"
              >
                <div
                  class="MuiChip-root makeStyles-arrythmia-263 MuiChip-outlined MuiChip-sizeSmall"
                >
                  <span
                    class="MuiChip-label MuiChip-labelSmall"
                  >
                    AFib
                  </span>
                </div>
                <div
                  class="MuiChip-root makeStyles-arrythmia-263 MuiChip-outlined MuiChip-sizeSmall"
                >
                  <span
                    class="MuiChip-label MuiChip-labelSmall"
                  >
                    Pause
                  </span>
                </div>
              </div>
            </div>
          </div>
        </div>
      </div>
    </div>
  </div>
</div>
`;

exports[`CardContainer should render CardContainer properly 2`] = `
<div>
  <div
    class="MuiGrid-root MuiGrid-item MuiGrid-grid-xs-12 MuiGrid-grid-lg-4"
  >
    <div
      class="MuiPaper-root makeStyles-patientCardContainer-295 makeStyles-patientCardContainer-298 MuiPaper-elevation0 MuiPaper-rounded"
      data-testid="cardContainer"
    >
      <h2
        class="MuiTypography-root makeStyles-cardHeader-297 makeStyles-cardHeader-299 MuiTypography-h5 MuiTypography-alignCenter"
      >
        PENDING
      </h2>
      <p
        class="MuiTypography-root makeStyles-noPatient-296 MuiTypography-body2 MuiTypography-alignCenter"
      >
        No patient
      </p>
    </div>
  </div>
</div>
`;
