// Jest Snapshot v1, https://goo.gl/fbAQLP

exports[`CardContainer should render CardContainer properly 1`] = `
<div>
  <div
    class="MuiGrid-root MuiGrid-item MuiGrid-grid-xs-4"
  >
    <div
      class="MuiPaper-root makeStyles-patientCardContainer-1 MuiPaper-elevation2 MuiPaper-rounded"
    >
      <h2
        class="MuiTypography-root MuiTypography-h5 MuiTypography-alignCenter"
      >
        PENDING
      </h2>
      <div
        class="MuiGrid-root MuiGrid-container MuiGrid-spacing-xs-3"
      >
        <div
          class="MuiGrid-root MuiGrid-item MuiGrid-grid-xs-12"
        >
          <div
            class="MuiPaper-root MuiCard-root makeStyles-patientCard-163 MuiPaper-elevation1 MuiPaper-rounded"
          >
            <div
              class="MuiCardHeader-root"
            >
              <div
                class="MuiCardHeader-avatar"
              >
                <div
                  class="MuiAvatar-root MuiAvatar-circle MuiAvatar-colorDefault"
                >
                  B
                </div>
              </div>
              <div
                class="MuiCardHeader-content"
              >
                <span
                  class="MuiTypography-root MuiCardHeader-title MuiTypography-body2 MuiTypography-displayBlock"
                >
                  Bob
                </span>
                <span
                  class="MuiTypography-root MuiCardHeader-subheader MuiTypography-body2 MuiTypography-colorTextSecondary MuiTypography-displayBlock"
                >
                  Patient ID : 0
                </span>
              </div>
            </div>
            <div
              class="MuiCardContent-root"
            >
              <p
                class="MuiTypography-root makeStyles-listTitle-164 MuiTypography-body1"
              >
                Arrhythmias :
              </p>
              <div
                class="MuiGrid-root makeStyles-arrythmiasList-165 MuiGrid-item MuiGrid-grid-xs-12"
              >
                <div
                  class="MuiChip-root makeStyles-arrythmia-166"
                >
                  <span
                    class="MuiChip-label"
                  >
                    AFib
                  </span>
                </div>
                <div
                  class="MuiChip-root makeStyles-arrythmia-166"
                >
                  <span
                    class="MuiChip-label"
                  >
                    AV Block
                  </span>
                </div>
                <div
                  class="MuiChip-root makeStyles-arrythmia-166"
                >
                  <span
                    class="MuiChip-label"
                  >
                    Pause
                  </span>
                </div>
                <div
                  class="MuiChip-root makeStyles-arrythmia-166"
                >
                  <span
                    class="MuiChip-label"
                  >
                    PSVC
                  </span>
                </div>
                <div
                  class="MuiChip-root makeStyles-arrythmia-166"
                >
                  <span
                    class="MuiChip-label"
                  >
                    PVC
                  </span>
                </div>
              </div>
            </div>
            <div
              class="MuiCardActions-root"
            >
              <div
                class="MuiGrid-root MuiGrid-container MuiGrid-justify-xs-space-between"
              >
                <div
                  class="MuiGrid-root MuiGrid-item"
                >
                  <button
                    class="MuiButtonBase-root MuiButton-root MuiButton-contained makeStyles-actionButton-167 MuiButton-containedSizeSmall MuiButton-sizeSmall"
                    tabindex="0"
                    type="button"
                  >
                    <span
                      class="MuiButton-label"
                    >
                      COMPLETED
                    </span>
                    <span
                      class="MuiTouchRipple-root"
                    />
                  </button>
                </div>
                <div
                  class="MuiGrid-root MuiGrid-item"
                >
                  <button
                    class="MuiButtonBase-root MuiButton-root MuiButton-contained makeStyles-actionButton-167 MuiButton-containedSizeSmall MuiButton-sizeSmall"
                    tabindex="0"
                    type="button"
                  >
                    <span
                      class="MuiButton-label"
                    >
                      DONE
                    </span>
                    <span
                      class="MuiTouchRipple-root"
                    />
                  </button>
                </div>
              </div>
            </div>
          </div>
        </div>
      </div>
      <div
        class="MuiGrid-root MuiGrid-container MuiGrid-spacing-xs-3"
      >
        <div
          class="MuiGrid-root MuiGrid-item MuiGrid-grid-xs-12"
        >
          <div
            class="MuiPaper-root MuiCard-root makeStyles-patientCard-247 MuiPaper-elevation1 MuiPaper-rounded"
          >
            <div
              class="MuiCardHeader-root"
            >
              <div
                class="MuiCardHeader-avatar"
              >
                <div
                  class="MuiAvatar-root MuiAvatar-circle MuiAvatar-colorDefault"
                >
                  B
                </div>
              </div>
              <div
                class="MuiCardHeader-content"
              >
                <span
                  class="MuiTypography-root MuiCardHeader-title MuiTypography-body2 MuiTypography-displayBlock"
                >
                  Bill
                </span>
                <span
                  class="MuiTypography-root MuiCardHeader-subheader MuiTypography-body2 MuiTypography-colorTextSecondary MuiTypography-displayBlock"
                >
                  Patient ID : 1
                </span>
              </div>
            </div>
            <div
              class="MuiCardContent-root"
            >
              <p
                class="MuiTypography-root makeStyles-listTitle-248 MuiTypography-body1"
              >
                Arrhythmias :
              </p>
              <div
                class="MuiGrid-root makeStyles-arrythmiasList-249 MuiGrid-item MuiGrid-grid-xs-12"
              >
                <div
                  class="MuiChip-root makeStyles-arrythmia-250"
                >
                  <span
                    class="MuiChip-label"
                  >
                    Pause
                  </span>
                </div>
              </div>
            </div>
            <div
              class="MuiCardActions-root"
            >
              <div
                class="MuiGrid-root MuiGrid-container MuiGrid-justify-xs-space-between"
              >
                <div
                  class="MuiGrid-root MuiGrid-item"
                >
                  <button
                    class="MuiButtonBase-root MuiButton-root MuiButton-contained makeStyles-actionButton-251 MuiButton-containedSizeSmall MuiButton-sizeSmall"
                    tabindex="0"
                    type="button"
                  >
                    <span
                      class="MuiButton-label"
                    >
                      COMPLETED
                    </span>
                    <span
                      class="MuiTouchRipple-root"
                    />
                  </button>
                </div>
                <div
                  class="MuiGrid-root MuiGrid-item"
                >
                  <button
                    class="MuiButtonBase-root MuiButton-root MuiButton-contained makeStyles-actionButton-251 MuiButton-containedSizeSmall MuiButton-sizeSmall"
                    tabindex="0"
                    type="button"
                  >
                    <span
                      class="MuiButton-label"
                    >
                      DONE
                    </span>
                    <span
                      class="MuiTouchRipple-root"
                    />
                  </button>
                </div>
              </div>
            </div>
          </div>
        </div>
      </div>
      <div
        class="MuiGrid-root MuiGrid-container MuiGrid-spacing-xs-3"
      >
        <div
          class="MuiGrid-root MuiGrid-item MuiGrid-grid-xs-12"
        >
          <div
            class="MuiPaper-root MuiCard-root makeStyles-patientCard-252 MuiPaper-elevation1 MuiPaper-rounded"
          >
            <div
              class="MuiCardHeader-root"
            >
              <div
                class="MuiCardHeader-avatar"
              >
                <div
                  class="MuiAvatar-root MuiAvatar-circle MuiAvatar-colorDefault"
                >
                  E
                </div>
              </div>
              <div
                class="MuiCardHeader-content"
              >
                <span
                  class="MuiTypography-root MuiCardHeader-title MuiTypography-body2 MuiTypography-displayBlock"
                >
                  Elsa
                </span>
                <span
                  class="MuiTypography-root MuiCardHeader-subheader MuiTypography-body2 MuiTypography-colorTextSecondary MuiTypography-displayBlock"
                >
                  Patient ID : 2
                </span>
              </div>
            </div>
            <div
              class="MuiCardContent-root"
            >
              <p
                class="MuiTypography-root makeStyles-listTitle-253 MuiTypography-body1"
              >
                Arrhythmias :
              </p>
              <div
                class="MuiGrid-root makeStyles-arrythmiasList-254 MuiGrid-item MuiGrid-grid-xs-12"
              >
                <div
                  class="MuiChip-root makeStyles-arrythmia-255"
                >
                  <span
                    class="MuiChip-label"
                  >
                    AFib
                  </span>
                </div>
                <div
                  class="MuiChip-root makeStyles-arrythmia-255"
                >
                  <span
                    class="MuiChip-label"
                  >
                    Pause
                  </span>
                </div>
              </div>
            </div>
            <div
              class="MuiCardActions-root"
            >
              <div
                class="MuiGrid-root MuiGrid-container MuiGrid-justify-xs-space-between"
              >
                <div
                  class="MuiGrid-root MuiGrid-item"
                >
                  <button
                    class="MuiButtonBase-root MuiButton-root MuiButton-contained makeStyles-actionButton-256 MuiButton-containedSizeSmall MuiButton-sizeSmall"
                    tabindex="0"
                    type="button"
                  >
                    <span
                      class="MuiButton-label"
                    >
                      COMPLETED
                    </span>
                    <span
                      class="MuiTouchRipple-root"
                    />
                  </button>
                </div>
                <div
                  class="MuiGrid-root MuiGrid-item"
                >
                  <button
                    class="MuiButtonBase-root MuiButton-root MuiButton-contained makeStyles-actionButton-256 MuiButton-containedSizeSmall MuiButton-sizeSmall"
                    tabindex="0"
                    type="button"
                  >
                    <span
                      class="MuiButton-label"
                    >
                      DONE
                    </span>
                    <span
                      class="MuiTouchRipple-root"
                    />
                  </button>
                </div>
              </div>
            </div>
          </div>
        </div>
      </div>
    </div>
  </div>
</div>
`;
