// Jest Snapshot v1, https://goo.gl/fbAQLP

exports[`CardTriagePage should render CardTriagePage properly 1`] = `
<div>
  <div
    class="MuiContainer-root"
  >
    <div
      class="MuiGrid-root makeStyles-filtersBar-1 MuiGrid-container MuiGrid-spacing-xs-3 MuiGrid-justify-xs-flex-end"
    >
      <div
        class="MuiGrid-root MuiGrid-item MuiGrid-grid-xs-3"
      >
        <div
          class="MuiFormControl-root MuiTextField-root MuiFormControl-fullWidth"
        >
          <label
            class="MuiFormLabel-root MuiInputLabel-root MuiInputLabel-formControl MuiInputLabel-animated MuiInputLabel-outlined"
            data-shrink="false"
            for="filter"
            id="filter-label"
          >
            Filter
          </label>
          <div
            class="MuiInputBase-root MuiOutlinedInput-root MuiInputBase-fullWidth MuiInputBase-formControl MuiInputBase-adornedEnd MuiOutlinedInput-adornedEnd"
          >
            <input
              aria-invalid="false"
              class="MuiInputBase-input MuiOutlinedInput-input MuiInputBase-inputAdornedEnd MuiOutlinedInput-inputAdornedEnd"
              id="filter"
              type="text"
              value=""
            />
            <div
              class="MuiInputAdornment-root MuiInputAdornment-positionEnd"
            >
              <svg
                aria-hidden="true"
                class="MuiSvgIcon-root"
                focusable="false"
                role="presentation"
                viewBox="0 0 24 24"
              >
                <path
                  d="M15.5 14h-.79l-.28-.27C15.41 12.59 16 11.11 16 9.5 16 5.91 13.09 3 9.5 3S3 5.91 3 9.5 5.91 16 9.5 16c1.61 0 3.09-.59 4.23-1.57l.27.28v.79l5 4.99L20.49 19l-4.99-5zm-6 0C7.01 14 5 11.99 5 9.5S7.01 5 9.5 5 14 7.01 14 9.5 11.99 14 9.5 14z"
                />
              </svg>
            </div>
            <fieldset
              aria-hidden="true"
              class="PrivateNotchedOutline-root-187 MuiOutlinedInput-notchedOutline"
            >
              <legend
                class="PrivateNotchedOutline-legendLabelled-189"
              >
                <span>
                  Filter
                </span>
              </legend>
            </fieldset>
          </div>
        </div>
      </div>
    </div>
    <div
      class="MuiGrid-root MuiGrid-container MuiGrid-spacing-xs-3"
    >
      <div
        class="MuiGrid-root MuiGrid-item MuiGrid-grid-xs-4"
      >
        <div
          class="MuiPaper-root makeStyles-patientCardContainer-191 MuiPaper-elevation2 MuiPaper-rounded"
        >
          <h2
            class="MuiTypography-root MuiTypography-h5 MuiTypography-alignCenter"
          >
            PENDING
          </h2>
        </div>
      </div>
      <div
        class="MuiGrid-root MuiGrid-item MuiGrid-grid-xs-4"
      >
        <div
          class="MuiPaper-root makeStyles-patientCardContainer-250 MuiPaper-elevation2 MuiPaper-rounded"
        >
          <h2
            class="MuiTypography-root MuiTypography-h5 MuiTypography-alignCenter"
          >
            COMPLETED
          </h2>
        </div>
      </div>
      <div
        class="MuiGrid-root MuiGrid-item MuiGrid-grid-xs-4"
      >
        <div
          class="MuiPaper-root makeStyles-patientCardContainer-251 MuiPaper-elevation2 MuiPaper-rounded"
        >
          <h2
            class="MuiTypography-root MuiTypography-h5 MuiTypography-alignCenter"
          >
            DONE
          </h2>
        </div>
      </div>
    </div>
  </div>
</div>
`;
